// Jest Snapshot v1, https://goo.gl/fbAQLP

exports[`dlq creates an alarm 1`] = `
{
  "Parameters": {
    "BootstrapVersion": {
      "Default": "/cdk-bootstrap/hnb659fds/version",
      "Description": "Version of the CDK Bootstrap resources in this environment, automatically retrieved from SSM Parameter Store. [cdk:skip]",
      "Type": "AWS::SSM::Parameter::Value<String>",
    },
  },
  "Resources": {
    "Alarm7103F465": {
      "Properties": {
        "AlarmDescription": "There are messages in the Dead Letter Queue",
        "ComparisonOperator": "GreaterThanOrEqualToThreshold",
        "Dimensions": [
          {
            "Name": "MyDimension",
            "Value": "MyDimensionValue",
          },
        ],
        "EvaluationPeriods": 1,
        "MetricName": "MyMetric",
        "Namespace": "MyNamespace",
        "Period": 360,
        "Statistic": "Average",
        "Threshold": 1,
      },
      "Type": "AWS::CloudWatch::Alarm",
    },
  },
  "Rules": {
    "CheckBootstrapVersion": {
      "Assertions": [
        {
          "Assert": {
            "Fn::Not": [
              {
                "Fn::Contains": [
                  [
                    "1",
                    "2",
                    "3",
                    "4",
                    "5",
                  ],
                  {
                    "Ref": "BootstrapVersion",
                  },
                ],
              },
            ],
          },
          "AssertDescription": "CDK bootstrap stack version 6 required. Please run 'cdk bootstrap' with a recent version of the CDK CLI.",
        },
      ],
    },
  },
}
`;
